
**** Build of configuration Debug for project WidgetCore2 ****

make all 
Building file: ../src/main.c
Invoking: MicroBlaze gcc compiler
mb-gcc -Wall -Os -c -fmessage-length=0 -I../../WidgetCore2_bsp/microblaze_0/include -mlittle-endian -mxl-barrel-shift -mxl-pattern-compare -mcpu=v8.20.b -mno-xl-soft-mul -MMD -MP -MF"src/main.d" -MT"src/main.d" -o"src/main.o" "../src/main.c"
In file included from ../src/main.c:7:
../src/WidgetCore/widget_table.h: In function 'wt_remove':
../src/WidgetCore/widget_table.h:121: warning: passing argument 1 of 'free' discards qualifiers from pointer target type
In file included from ../src/main.c:9:
../src/Widgets/Dial.h: In function 'DIAL_runFunction':
../src/Widgets/Dial.h:42: warning: unused variable 'derive'
../src/Widgets/Dial.h:89: warning: no return statement in function returning non-void
In file included from ../src/main.c:10:
../src/Widgets/pbar.h: In function 'PBAR_runFunction':
../src/Widgets/pbar.h:38: warning: unused variable 'derive'
../src/Widgets/pbar.h:70: warning: no return statement in function returning non-void
In file included from ../src/main.c:12:
../src/Widgets/light_row.h: In function 'LRow_runFunction':
../src/Widgets/light_row.h:72: warning: no return statement in function returning non-void
In file included from ../src/main.c:13:
../src/Widgets/stringWID.h: In function 'STR_runFunction':
../src/Widgets/stringWID.h:63: warning: no return statement in function returning non-void
../src/main.c: In function 'LED_runFunction':
../src/Widgets/light.h:64: warning: control reaches end of non-void function
Finished building: ../src/main.c
' '
Building target: WidgetCore2.elf
Invoking: MicroBlaze gcc linker
mb-gcc -Wl,-T -Wl,../src/lscript.ld -L../../WidgetCore2_bsp/microblaze_0/lib -mlittle-endian -mxl-barrel-shift -mxl-pattern-compare -mcpu=v8.20.b -mno-xl-soft-mul -o"WidgetCore2.elf"  ./src/main.o  ./src/WidgetCore/wsystem.o  ./src/Utilities/miniMath.o  ./src/GraphicsEngine/Graphics.o   -Wl,--start-group,-lxil,-lgcc,-lc,--end-group
Finished building target: WidgetCore2.elf
' '
Invoking: MicroBlaze Print Size
mb-size WidgetCore2.elf  |tee "WidgetCore2.elf.size"
   text	   data	    bss	    dec	    hex	filename
  19154	   2436	   2150	  23740	   5cbc	WidgetCore2.elf
Finished building: WidgetCore2.elf.size
' '
Invoking: Xilinx ELF Check
elfcheck WidgetCore2.elf -hw ../../GP_LAB_EDK_hw_platform/system.xml -pe microblaze_0  |tee "WidgetCore2.elf.elfcheck"
elfcheck
Xilinx EDK 13.4 Build EDK_O.87xd
Copyright (c) 1995-2011 Xilinx, Inc.  All rights reserved.

Command Line: elfcheck -hw ../../GP_LAB_EDK_hw_platform/system.xml -pe
microblaze_0 WidgetCore2.elf 

ELF file	: WidgetCore2.elf
elfcheck passed.
Finished building: WidgetCore2.elf.elfcheck
' '
